-
drwxrwxrwx 2 root root 1024 Dec 31  1969 .
-rwxrwxrwx 1 root root 0 Dec 31  1969 B.H
-rwxrwxrwx 1 root root 0 Dec 31  1969 MYFILE.TXT
-
drwxrwxrwx 2 root root 1024 Dec 31  1969 .
drwxrwxrwx 1 root root 0 Dec 31  1969 BDIR
-rwxrwxrwx 1 root root 0 Dec 31  1969 B.H
drwxrwxrwx 1 root root 0 Dec 31  1969 MYDIR.DIR
-rwxrwxrwx 1 root root 0 Dec 31  1969 MYFILE.TXT
-
drwxrwxrwx 2 root root 2048 Dec 31  1969 .
-rwxrwxrwx 1 root root 0 Dec 31  1969 A
-rwxrwxrwx 1 root root 0 Dec 31  1969 A.A
-rwxrwxrwx 1 root root 0 Dec 31  1969 B
-rwxrwxrwx 1 root root 0 Dec 31  1969 B.B
drwxrwxrwx 1 root root 0 Dec 31  1969 BDIR
-rwxrwxrwx 1 root root 0 Dec 31  1969 B.H
-rwxrwxrwx 1 root root 0 Dec 31  1969 C
-rwxrwxrwx 1 root root 0 Dec 31  1969 C.C
-rwxrwxrwx 1 root root 0 Dec 31  1969 D
-rwxrwxrwx 1 root root 0 Dec 31  1969 D.D
-rwxrwxrwx 1 root root 0 Dec 31  1969 E
-rwxrwxrwx 1 root root 0 Dec 31  1969 E.E
-rwxrwxrwx 1 root root 0 Dec 31  1969 F
-rwxrwxrwx 1 root root 0 Dec 31  1969 F.F
-rwxrwxrwx 1 root root 0 Dec 31  1969 G
-rwxrwxrwx 1 root root 0 Dec 31  1969 H
-rwxrwxrwx 1 root root 0 Dec 31  1969 I
-rwxrwxrwx 1 root root 0 Dec 31  1969 J
-rwxrwxrwx 1 root root 0 Dec 31  1969 K
-rwxrwxrwx 1 root root 0 Dec 31  1969 L
-rwxrwxrwx 1 root root 0 Dec 31  1969 M
drwxrwxrwx 1 root root 0 Dec 31  1969 MYDIR.DIR
-rwxrwxrwx 1 root root 0 Dec 31  1969 MYFILE.TXT
-rwxrwxrwx 1 root root 0 Dec 31  1969 N
-rwxrwxrwx 1 root root 0 Dec 31  1969 O
-rwxrwxrwx 1 root root 0 Dec 31  1969 P
-rwxrwxrwx 1 root root 0 Dec 31  1969 Q
-rwxrwxrwx 1 root root 0 Dec 31  1969 R
-rwxrwxrwx 1 root root 0 Dec 31  1969 S
-rwxrwxrwx 1 root root 0 Dec 31  1969 T
-rwxrwxrwx 1 root root 0 Dec 31  1969 U
-rwxrwxrwx 1 root root 0 Dec 31  1969 V
-rwxrwxrwx 1 root root 0 Dec 31  1969 W
-rwxrwxrwx 1 root root 0 Dec 31  1969 X
-rwxrwxrwx 1 root root 0 Dec 31  1969 Y
-rwxrwxrwx 1 root root 0 Dec 31  1969 Z
-
drwxrwxrwx 2 root root 1024 Dec 31  1969 .
-rwxrwxrwx 1 root root 0 Dec 31  1969 A
-rwxrwxrwx 1 root root 0 Dec 31  1969 B
drwxrwxrwx 1 root root 0 Dec 31  1969 BDIR
-rwxrwxrwx 1 root root 0 Dec 31  1969 B.H
-rwxrwxrwx 1 root root 0 Dec 31  1969 C
-rwxrwxrwx 1 root root 0 Dec 31  1969 D
-rwxrwxrwx 1 root root 0 Dec 31  1969 E
-rwxrwxrwx 1 root root 0 Dec 31  1969 F
-rwxrwxrwx 1 root root 0 Dec 31  1969 G
-rwxrwxrwx 1 root root 0 Dec 31  1969 H
-rwxrwxrwx 1 root root 0 Dec 31  1969 I
-rwxrwxrwx 1 root root 0 Dec 31  1969 J
-rwxrwxrwx 1 root root 0 Dec 31  1969 K
-rwxrwxrwx 1 root root 0 Dec 31  1969 L
-rwxrwxrwx 1 root root 0 Dec 31  1969 M
drwxrwxrwx 1 root root 0 Dec 31  1969 MYDIR.DIR
-rwxrwxrwx 1 root root 0 Dec 31  1969 MYFILE.TXT
-rwxrwxrwx 1 root root 0 Dec 31  1969 N
-rwxrwxrwx 1 root root 0 Dec 31  1969 O
-rwxrwxrwx 1 root root 0 Dec 31  1969 P
-rwxrwxrwx 1 root root 0 Dec 31  1969 Q
-rwxrwxrwx 1 root root 0 Dec 31  1969 R
-rwxrwxrwx 1 root root 0 Dec 31  1969 S
-rwxrwxrwx 1 root root 0 Dec 31  1969 T
-rwxrwxrwx 1 root root 0 Dec 31  1969 U
-rwxrwxrwx 1 root root 0 Dec 31  1969 V
-rwxrwxrwx 1 root root 0 Dec 31  1969 W
-rwxrwxrwx 1 root root 0 Dec 31  1969 X
-rwxrwxrwx 1 root root 0 Dec 31  1969 Y
-rwxrwxrwx 1 root root 0 Dec 31  1969 Z
